// Jest Snapshot v1, https://goo.gl/fbAQLP

exports[`<Presenter /> should render and match the snapshot 1`] = `
<DocumentFragment>
  <article
    id="presenter"
  >
    <div
      id="slide-1"
    >
      <svg>
        <h1>
          Title
        </h1>
      </svg>
    </div>
  </article>
</DocumentFragment>
`;
