// Jest Snapshot v1, https://goo.gl/fbAQLP

exports[`<Home /> should render and match the snapshot 1`] = `
<DocumentFragment>
  .c0 {
  height: 100%;
}

<div
    class="c0"
    id="main"
  />
</DocumentFragment>
`;
