// Jest Snapshot v1, https://goo.gl/fbAQLP

exports[`<Editor /> should render and match the snapshot 1`] = `
<DocumentFragment>
  .c1 {
  background-color: transparent;
  border: none;
  height: 100%;
  outline: none;
  resize: none;
  color: #2f2f2f;
  font-size: 15px;
  margin-bottom: 0.3em;
  line-height: 18px;
  padding: 0.5em;
  tab-size: 2;
  -ms-overflow-style: none;
  -webkit-scrollbar-width: none;
  -moz-scrollbar-width: none;
  -ms-scrollbar-width: none;
  scrollbar-width: none;
}

.c1::-webkit-scrollbar {
  display: none;
}

.c0 {
  background-color: #fafafa;
  display: -webkit-box;
  display: -webkit-flex;
  display: -ms-flexbox;
  display: flex;
  -webkit-flex: 1;
  -ms-flex: 1;
  flex: 1;
  -webkit-flex-direction: column;
  -ms-flex-direction: column;
  flex-direction: column;
}

<div
    class="c0"
  >
    <textarea
      class="c1"
      name="md"
    />
  </div>
</DocumentFragment>
`;
