// Jest Snapshot v1, https://goo.gl/fbAQLP

exports[`<SlideElement /> should render and match the snapshot 1`] = `
<DocumentFragment>
  <h1
    data-line="2"
  >
    <div>
      Some Child Element
    </div>
  </h1>
</DocumentFragment>
`;
