// Jest Snapshot v1, https://goo.gl/fbAQLP

exports[`<TextEditor /> should match the snapshot 1`] = `
.c0 {
  max-height: 100%;
}

<textarea
  class="c0"
>
  markdown text
</textarea>
`;
