// Jest Snapshot v1, https://goo.gl/fbAQLP

exports[`<Slide /> should render and match the snapshot 1`] = `
<DocumentFragment>
  <div>
    <h1>
      Title
    </h1>
  </div>
</DocumentFragment>
`;
