// Jest Snapshot v1, https://goo.gl/fbAQLP

exports[`<LoadFileMenuItem /> should render and match the snapshot 1`] = `
<DocumentFragment>
  .c0 {
  display: none;
}

<input
    accept=".md,.txt"
    class="c0"
    id="fileLoader"
    title="Load Markdown File"
    type="file"
  />
  .c0 {
  cursor: pointer;
  display: -webkit-box;
  display: -webkit-flex;
  display: -ms-flexbox;
  display: flex;
  -webkit-align-items: center;
  -webkit-box-align: center;
  -ms-flex-align: center;
  align-items: center;
  -webkit-box-pack: center;
  -webkit-justify-content: center;
  -ms-flex-pack: center;
  justify-content: center;
  margin: 0 3px;
}

.c0 svg {
  fill: #d4d4d4;
}

.c0 svg circle,
.c0 svg path {
  stroke: #888888;
}

.c0 svg {
  -webkit-transition: 0.5s ease-in-out;
  transition: 0.5s ease-in-out;
}

.c0:hover svg {
  -webkit-transform: scale(1.1);
  -ms-transform: scale(1.1);
  transform: scale(1.1);
  fill: #bababa;
}

.c0:hover svg circle,
.c0:hover svg path {
  stroke: #2f2f2f;
}

.c0:hover svg {
  -webkit-transition: opacity 0.4s ease-in-out;
  transition: opacity 0.4s ease-in-out;
  opacity: 0.3;
  -webkit-transform: none;
  -ms-transform: none;
  transform: none;
}

.c1 {
  position: absolute;
  height: 100%;
  display: -webkit-box;
  display: -webkit-flex;
  display: -ms-flexbox;
  display: flex;
  -webkit-align-items: center;
  -webkit-box-align: center;
  -ms-flex-align: center;
  align-items: center;
  -webkit-box-pack: center;
  -webkit-justify-content: center;
  -ms-flex-pack: center;
  justify-content: center;
  opacity: 0;
  color: #2f2f2f;
  font-weight: bolder;
  font-size: 8px;
  -webkit-transition: 0.2s ease-in-out;
  transition: 0.2s ease-in-out;
}

.c1:hover {
  opacity: 1;
  -webkit-transform: scale(1.1);
  -ms-transform: scale(1.1);
  transform: scale(1.1);
}

<li
    class="c0"
  >
    <svgr-mock />
    <div
      class="c1"
    >
      LOAD
    </div>
  </li>
</DocumentFragment>
`;
